<?xml version="1.0" encoding="UTF-8" standalone="no"?><decathlon-result><athlete><name>1</name><score>123</score><rank>1</rank></athlete><athlete><name>1</name><score>110</score><rank>2</rank></athlete></decathlon-result>